// Jest Snapshot v1, https://goo.gl/fbAQLP

exports[`Pruebas en el componente <HomeScreen /> debe mostrarse el componente  1`] = `
<div>
  <h1>
    Home Screen
  </h1>
  <hr />
  <pre>
    {
   "id": 9801,
   "name": "oscar",
   "email": "oscar@gmail.com"
}
  </pre>
</div>
`;
